main.c:140:5:main	328	static
main.c:403:6:SystemClock_Config	88	static
main.c:448:13:MX_ADC1_Init	24	static
main.c:501:13:MX_CAN_Init	8	static
main.c:537:13:MX_I2C2_Init	8	static
main.c:571:13:MX_TIM2_Init	48	static
main.c:632:13:MX_TIM3_Init	48	static
main.c:685:13:MX_USART1_UART_Init	8	static
main.c:715:13:MX_DMA_Init	16	static
main.c:733:13:MX_GPIO_Init	40	static
main.c:772:7:Battery	16	static
main.c:783:6:HAL_CAN_TxMailbox0CompleteCallback	16	static
main.c:787:6:HAL_CAN_RxFifo0MsgPendingCallback	16	static
main.c:792:6:uartPrint	16	static
main.c:795:6:uartPrintln	24	static
main.c:800:6:arming	8	static
main.c:840:10:parseData	16	static
main.c:851:6:Error_Handler	4	static
